     VMA      LMA     Size Align Out     In      Symbol
       0        0 80200000     1 . = 0x80200000
80200000 80200000      a72     2 .text
80200000 80200000        e     2         /tmp/kernel-96a63d.o:(.text.boot)
80200000 80200000        0     1                 
80200000 80200000        0     1                 
80200000 80200000        0     1                 $x.1
80200000 80200000        0     1                 
80200000 80200000        e     1                 boot
8020000e 8020000e        0     1                 
8020000e 8020000e        0     1                 
8020000e 8020000e      a64     2         /tmp/kernel-96a63d.o:(.text)
8020000e 8020000e        0     1                 
8020000e 8020000e        0     1                 
8020000e 8020000e        0     1                 $x.0
8020000e 8020000e        0     1                 
8020000e 8020000e       5a     1                 memset
80200022 80200022        0     1                 
80200026 80200026        0     1                 
8020002a 8020002a        0     1                 
8020002e 8020002e        0     1                 .LBB0_1
8020002e 8020002e        0     1                 
8020003a 8020003a        0     1                 
80200044 80200044        0     1                 .LBB0_2
80200044 80200044        0     1                 
80200048 80200048        0     1                 
80200054 80200054        0     1                 
80200058 80200058        0     1                 
8020005c 8020005c        0     1                 .LBB0_3
8020005c 8020005c        0     1                 
80200064 80200064        0     1                 
80200068 80200068        0     1                 
80200068 80200068        0     1                 
80200068 80200068        0     1                 
80200068 80200068      1da     1                 itoa
8020007a 8020007a        0     1                 
8020007e 8020007e        0     1                 
80200082 80200082        0     1                 
80200086 80200086        0     1                 
80200090 80200090        0     1                 .LBB1_1
80200090 80200090        0     1                 
80200094 80200094        0     1                 
802000a0 802000a0        0     1                 
802000a6 802000a6        0     1                 
802000aa 802000aa        0     1                 
802000ae 802000ae        0     1                 
802000b2 802000b2        0     1                 
802000b6 802000b6        0     1                 
802000ba 802000ba        0     1                 
802000be 802000be        0     1                 .LBB1_2
802000be 802000be        0     1                 
802000c2 802000c2        0     1                 
802000ce 802000ce        0     1                 .LBB1_3
802000ce 802000ce        0     1                 
802000d0 802000d0        0     1                 
802000d4 802000d4        0     1                 
802000da 802000da        0     1                 
802000dc 802000dc        0     1                 
802000e0 802000e0        0     1                 
802000e4 802000e4        0     1                 .LBB1_4
802000e4 802000e4        0     1                 
802000e8 802000e8        0     1                 .LBB1_5
802000e8 802000e8        0     1                 
802000ec 802000ec        0     1                 
802000f6 802000f6        0     1                 .LBB1_6
802000f6 802000f6        0     1                 
802000f6 802000f6        0     1                 
80200102 80200102        0     1                 
80200116 80200116        0     1                 
8020011a 8020011a        0     1                 
8020011e 8020011e        0     1                 
8020012a 8020012a        0     1                 .LBB1_7
8020012a 8020012a        0     1                 
8020012e 8020012e        0     1                 
80200136 80200136        0     1                 
8020013a 8020013a        0     1                 .LBB1_8
8020013a 8020013a        0     1                 
8020013e 8020013e        0     1                 
80200146 80200146        0     1                 
8020014a 8020014a        0     1                 .LBB1_9
8020014a 8020014a        0     1                 
8020014e 8020014e        0     1                 
80200152 80200152        0     1                 
8020015e 8020015e        0     1                 
80200160 80200160        0     1                 
80200164 80200164        0     1                 
80200170 80200170        0     1                 
8020017c 8020017c        0     1                 
80200180 80200180        0     1                 
80200184 80200184        0     1                 .LBB1_10
80200184 80200184        0     1                 
80200188 80200188        0     1                 
80200192 80200192        0     1                 .LBB1_11
80200192 80200192        0     1                 
80200196 80200196        0     1                 
802001a2 802001a2        0     1                 
802001a8 802001a8        0     1                 
802001ac 802001ac        0     1                 
802001b0 802001b0        0     1                 .LBB1_12
802001b0 802001b0        0     1                 
802001b4 802001b4        0     1                 
802001b8 802001b8        0     1                 
802001bc 802001bc        0     1                 
802001c0 802001c0        0     1                 
802001c4 802001c4        0     1                 
802001c8 802001c8        0     1                 
802001ca 802001ca        0     1                 
802001ce 802001ce        0     1                 
802001d2 802001d2        0     1                 .LBB1_13
802001d2 802001d2        0     1                 
802001d6 802001d6        0     1                 
802001da 802001da        0     1                 
802001e6 802001e6        0     1                 .LBB1_14
802001e6 802001e6        0     1                 
802001e6 802001e6        0     1                 
802001ea 802001ea        0     1                 
802001ee 802001ee        0     1                 
802001f4 802001f4        0     1                 
802001f8 802001f8        0     1                 
802001fc 802001fc        0     1                 
80200200 80200200        0     1                 
80200206 80200206        0     1                 
8020020a 8020020a        0     1                 
8020020c 8020020c        0     1                 
80200210 80200210        0     1                 
80200214 80200214        0     1                 
80200218 80200218        0     1                 
8020021c 8020021c        0     1                 
8020021e 8020021e        0     1                 
80200222 80200222        0     1                 
8020022c 8020022c        0     1                 
80200236 80200236        0     1                 
8020023a 8020023a        0     1                 .LBB1_15
8020023a 8020023a        0     1                 
8020023e 8020023e        0     1                 
80200242 80200242        0     1                 
80200242 80200242        0     1                 
80200242 80200242        0     1                 
80200242 80200242       ac     1                 atoi
80200250 80200250        0     1                 
80200256 80200256        0     1                 
8020025a 8020025a        0     1                 
8020025e 8020025e        0     1                 
8020026a 8020026a        0     1                 
80200276 80200276        0     1                 .LBB2_1
80200276 80200276        0     1                 
80200278 80200278        0     1                 
8020027c 8020027c        0     1                 
80200286 80200286        0     1                 
8020028a 8020028a        0     1                 .LBB2_2
8020028a 8020028a        0     1                 
8020028e 8020028e        0     1                 .LBB2_3
8020028e 8020028e        0     1                 
80200292 80200292        0     1                 
80200296 80200296        0     1                 
8020029c 8020029c        0     1                 
802002a6 802002a6        0     1                 .LBB2_4
802002a6 802002a6        0     1                 
802002ac 802002ac        0     1                 
802002b0 802002b0        0     1                 
802002b4 802002b4        0     1                 
802002b8 802002b8        0     1                 
802002be 802002be        0     1                 
802002c0 802002c0        0     1                 
802002c4 802002c4        0     1                 
802002c8 802002c8        0     1                 
802002cc 802002cc        0     1                 .LBB2_5
802002cc 802002cc        0     1                 
802002d6 802002d6        0     1                 
802002da 802002da        0     1                 .LBB2_6
802002da 802002da        0     1                 
802002de 802002de        0     1                 
802002e2 802002e2        0     1                 
802002ea 802002ea        0     1                 
802002ee 802002ee        0     1                 
802002ee 802002ee        0     1                 
802002ee 802002ee        0     1                 
802002ee 802002ee       c4     1                 print_counter_info
802002fa 802002fa        0     1                 
80200306 80200306        0     1                 
8020030c 8020030c        0     1                 
8020031a 8020031a        0     1                 
8020031e 8020031e        0     1                 
80200322 80200322        0     1                 
80200326 80200326        0     1                 
8020032a 8020032a        0     1                 
8020032e 8020032e        0     1                 
80200332 80200332        0     1                 
80200336 80200336        0     1                 
80200338 80200338        0     1                 
8020033c 8020033c        0     1                 
80200340 80200340        0     1                 
80200342 80200342        0     1                 
80200350 80200350        0     1                 
8020035e 8020035e        0     1                 
80200362 80200362        0     1                 
80200368 80200368        0     1                 
80200372 80200372        0     1                 
80200394 80200394        0     1                 
8020039c 8020039c        0     1                 .LBB3_2
802003a0 802003a0        0     1                 
802003ae 802003ae        0     1                 
802003b2 802003b2        0     1                 
802003b2 802003b2        0     1                 
802003b2 802003b2        0     1                 
802003b2 802003b2        0     1                 
802003b2 802003b2        0     1                 
802003b2 802003b2      136     1                 printf
802003d4 802003d4        0     1                 
802003d8 802003d8        0     1                 
802003dc 802003dc        0     1                 .LBB4_1
802003dc 802003dc        0     1                 
802003e0 802003e0        0     1                 
802003e4 802003e4        0     1                 
802003ee 802003ee        0     1                 .LBB4_2
802003ee 802003ee        0     1                 
802003f2 802003f2        0     1                 
802003fa 802003fa        0     1                 
80200406 80200406        0     1                 .LBB4_3
80200406 80200406        0     1                 
80200410 80200410        0     1                 
80200414 80200414        0     1                 
80200420 80200420        0     1                 
8020042c 8020042c        0     1                 .LBB4_4
8020042c 8020042c        0     1                 
80200434 80200434        0     1                 
80200440 80200440        0     1                 .LBB4_5
80200440 80200440        0     1                 
80200448 80200448        0     1                 
80200454 80200454        0     1                 .LBB4_6
80200454 80200454        0     1                 
80200454 80200454        0     1                 
80200462 80200462        0     1                 
80200466 80200466        0     1                 
8020046a 8020046a        0     1                 
8020046c 8020046c        0     1                 
80200470 80200470        0     1                 .LBB4_7
80200470 80200470        0     1                 
80200470 80200470        0     1                 
8020047e 8020047e        0     1                 
80200482 80200482        0     1                 
80200486 80200486        0     1                 .LBB4_8
80200486 80200486        0     1                 
8020048a 8020048a        0     1                 
8020048e 8020048e        0     1                 
80200498 80200498        0     1                 .LBB4_9
80200498 80200498        0     1                 
802004a4 802004a4        0     1                 
802004a8 802004a8        0     1                 
802004aa 802004aa        0     1                 
802004ae 802004ae        0     1                 .LBB4_10
802004ae 802004ae        0     1                 
802004b2 802004b2        0     1                 .LBB4_11
802004b2 802004b2        0     1                 
802004b2 802004b2        0     1                 
802004b6 802004b6        0     1                 
802004b8 802004b8        0     1                 
802004bc 802004bc        0     1                 .LBB4_12
802004bc 802004bc        0     1                 
802004c0 802004c0        0     1                 .LBB4_13
802004c0 802004c0        0     1                 
802004c4 802004c4        0     1                 .LBB4_14
802004c4 802004c4        0     1                 
802004c8 802004c8        0     1                 
802004cc 802004cc        0     1                 
802004d2 802004d2        0     1                 .LBB4_15
802004d2 802004d2        0     1                 
802004dc 802004dc        0     1                 
802004e0 802004e0        0     1                 .LBB4_16
802004e0 802004e0        0     1                 
802004e4 802004e4        0     1                 
802004e8 802004e8        0     1                 
802004e8 802004e8        0     1                 
802004e8 802004e8        0     1                 
802004e8 802004e8        0     1                 
802004e8 802004e8        0     1                 
802004e8 802004e8      148     1                 kernel_main
802004f0 802004f0        0     1                 
802004f4 802004f4        0     1                 .LBB5_1
802004f4 802004f4        0     1                 
802004fe 802004fe        0     1                 
80200508 80200508        0     1                 
80200512 80200512        0     1                 
8020051c 8020051c        0     1                 
80200526 80200526        0     1                 
80200530 80200530        0     1                 
80200546 80200546        0     1                 
80200548 80200548        0     1                 
8020054c 8020054c        0     1                 
80200556 80200556        0     1                 
80200562 80200562        0     1                 .LBB5_2
80200562 80200562        0     1                 
80200568 80200568        0     1                 
80200574 80200574        0     1                 .LBB5_3
80200574 80200574        0     1                 
8020057a 8020057a        0     1                 
80200586 80200586        0     1                 .LBB5_4
80200586 80200586        0     1                 
8020058c 8020058c        0     1                 
80200598 80200598        0     1                 .LBB5_5
80200598 80200598        0     1                 
802005a2 802005a2        0     1                 
802005a8 802005a8        0     1                 
802005b2 802005b2        0     1                 
802005b6 802005b6        0     1                 .LBB5_6
802005b6 802005b6        0     1                 
802005c0 802005c0        0     1                 
802005c6 802005c6        0     1                 
802005d0 802005d0        0     1                 
802005d4 802005d4        0     1                 .LBB5_7
802005d4 802005d4        0     1                 
802005de 802005de        0     1                 
802005f4 802005f4        0     1                 
802005f6 802005f6        0     1                 
802005fa 802005fa        0     1                 
802005fe 802005fe        0     1                 
80200600 80200600        0     1                 
80200604 80200604        0     1                 
80200608 80200608        0     1                 
8020060a 8020060a        0     1                 
8020060e 8020060e        0     1                 .LBB5_8
8020060e 8020060e        0     1                 
80200618 80200618        0     1                 
8020061a 8020061a        0     1                 
8020061e 8020061e        0     1                 .LBB5_9
8020061e 8020061e        0     1                 
80200628 80200628        0     1                 
8020062c 8020062c        0     1                 .LBB5_10
8020062c 8020062c        0     1                 
80200630 80200630        0     1                 
80200630 80200630        0     1                 
80200630 80200630        0     1                 
80200630 80200630        0     1                 
80200630 80200630        0     1                 
80200630 80200630      1f0     1                 scanf
80200652 80200652        0     1                 
80200656 80200656        0     1                 
8020065a 8020065a        0     1                 .LBB6_1
8020065a 8020065a        0     1                 
8020065e 8020065e        0     1                 
80200662 80200662        0     1                 
8020066c 8020066c        0     1                 .LBB6_2
8020066c 8020066c        0     1                 
80200670 80200670        0     1                 
80200678 80200678        0     1                 
80200684 80200684        0     1                 .LBB6_3
80200684 80200684        0     1                 
8020068e 8020068e        0     1                 
80200692 80200692        0     1                 
8020069e 8020069e        0     1                 
802006aa 802006aa        0     1                 .LBB6_4
802006aa 802006aa        0     1                 
802006b2 802006b2        0     1                 
802006be 802006be        0     1                 .LBB6_5
802006be 802006be        0     1                 
802006be 802006be        0     1                 
802006cc 802006cc        0     1                 
802006d0 802006d0        0     1                 
802006d2 802006d2        0     1                 
802006d6 802006d6        0     1                 
802006da 802006da        0     1                 
802006de 802006de        0     1                 .LBB6_6
802006de 802006de        0     1                 
802006de 802006de        0     1                 
802006ec 802006ec        0     1                 
802006f2 802006f2        0     1                 
802006f6 802006f6        0     1                 
802006fa 802006fa        0     1                 .LBB6_7
802006fa 802006fa        0     1                 
80200702 80200702        0     1                 
80200710 80200710        0     1                 
8020071c 8020071c        0     1                 .LBB6_8
8020071c 8020071c        0     1                 
80200728 80200728        0     1                 
80200734 80200734        0     1                 .LBB6_9
80200734 80200734        0     1                 
80200738 80200738        0     1                 
80200742 80200742        0     1                 
80200746 80200746        0     1                 .LBB6_10
80200746 80200746        0     1                 
8020074a 8020074a        0     1                 
80200756 80200756        0     1                 .LBB6_11
8020075a 8020075a        0     1                 .LBB6_12
8020075a 8020075a        0     1                 
8020075e 8020075e        0     1                 
80200762 80200762        0     1                 
8020076e 8020076e        0     1                 
80200770 80200770        0     1                 
80200774 80200774        0     1                 
80200778 80200778        0     1                 .LBB6_13
80200778 80200778        0     1                 
80200780 80200780        0     1                 
8020078c 8020078c        0     1                 
80200798 80200798        0     1                 .LBB6_14
80200798 80200798        0     1                 
802007a4 802007a4        0     1                 
802007b0 802007b0        0     1                 .LBB6_15
802007b0 802007b0        0     1                 
802007b4 802007b4        0     1                 
802007c0 802007c0        0     1                 .LBB6_16
802007c0 802007c0        0     1                 
802007c4 802007c4        0     1                 
802007d0 802007d0        0     1                 .LBB6_17
802007d0 802007d0        0     1                 
802007d4 802007d4        0     1                 
802007d8 802007d8        0     1                 
802007e4 802007e4        0     1                 
802007e6 802007e6        0     1                 
802007ea 802007ea        0     1                 
802007ee 802007ee        0     1                 .LBB6_18
802007ee 802007ee        0     1                 
802007f2 802007f2        0     1                 
802007f6 802007f6        0     1                 
802007fa 802007fa        0     1                 
802007fe 802007fe        0     1                 
80200802 80200802        0     1                 .LBB6_19
80200802 80200802        0     1                 
80200802 80200802        0     1                 
80200806 80200806        0     1                 .LBB6_20
80200806 80200806        0     1                 
8020080a 8020080a        0     1                 .LBB6_21
8020080a 8020080a        0     1                 
80200814 80200814        0     1                 
80200818 80200818        0     1                 .LBB6_22
80200818 80200818        0     1                 
8020081c 8020081c        0     1                 
80200820 80200820        0     1                 
80200820 80200820        0     1                 
80200820 80200820        0     1                 
80200820 80200820        0     1                 
80200820 80200820        0     1                 
80200820 80200820       2e     1                 sbi_get_spec_version
8020082c 8020082c        0     1                 
80200842 80200842        0     1                 
8020084a 8020084a        0     1                 
8020084e 8020084e        0     1                 
8020084e 8020084e        0     1                 
8020084e 8020084e        0     1                 
8020084e 8020084e        0     1                 
8020084e 8020084e        0     1                 
8020084e 8020084e       34     1                 sbi_get_counter_num
80200860 80200860        0     1                 
80200876 80200876        0     1                 
8020087e 8020087e        0     1                 
80200882 80200882        0     1                 
80200882 80200882        0     1                 
80200882 80200882        0     1                 
80200882 80200882        0     1                 
80200882 80200882        0     1                 
80200882 80200882       3a     1                 sbi_get_counter_info
8020088e 8020088e        0     1                 
8020089e 8020089e        0     1                 
802008b0 802008b0        0     1                 
802008b8 802008b8        0     1                 
802008bc 802008bc        0     1                 
802008bc 802008bc        0     1                 
802008bc 802008bc        0     1                 
802008bc 802008bc        0     1                 
802008bc 802008bc        0     1                 
802008bc 802008bc       16     1                 sbi_system_shutdown
802008c4 802008c4        0     1                 
802008ce 802008ce        0     1                 
802008d2 802008d2        0     1                 
802008d2 802008d2        0     1                 
802008d2 802008d2        0     1                 
802008d2 802008d2        0     1                 
802008d2 802008d2       20     1                 sbi_console_putchar
802008de 802008de        0     1                 
802008e2 802008e2        0     1                 
802008ee 802008ee        0     1                 
802008f2 802008f2        0     1                 
802008f2 802008f2        0     1                 
802008f2 802008f2        0     1                 
802008f2 802008f2       50     1                 sbi_console_getchar
802008fa 802008fa        0     1                 
8020090e 8020090e        0     1                 
80200920 80200920        0     1                 .LBB13_1
80200920 80200920        0     1                 
80200928 80200928        0     1                 
8020092c 8020092c        0     1                 .LBB13_2
8020092c 8020092c        0     1                 
80200932 80200932        0     1                 
80200936 80200936        0     1                 .LBB13_3
80200936 80200936        0     1                 
8020093e 8020093e        0     1                 
80200942 80200942        0     1                 
80200942 80200942        0     1                 
80200942 80200942        0     1                 
80200942 80200942       1a     1                 putchar
8020094e 8020094e        0     1                 
80200952 80200952        0     1                 
80200958 80200958        0     1                 
8020095c 8020095c        0     1                 
8020095c 8020095c        0     1                 
8020095c 8020095c        0     1                 
8020095c 8020095c        0     1                 
8020095c 8020095c        0     1                 
8020095c 8020095c       62     1                 getchar
80200964 80200964        0     1                 
80200968 80200968        0     1                 .LBB15_1
80200968 80200968        0     1                 
8020096a 8020096a        0     1                 
8020096e 8020096e        0     1                 
80200978 80200978        0     1                 .LBB15_2
80200978 80200978        0     1                 
8020097a 8020097a        0     1                 
8020097a 8020097a        0     1                 
8020097e 8020097e        0     1                 
80200982 80200982        0     1                 .LBB15_3
80200982 80200982        0     1                 
8020098a 8020098a        0     1                 
80200996 80200996        0     1                 .LBB15_4
8020099a 8020099a        0     1                 .LBB15_5
8020099a 8020099a        0     1                 
802009a4 802009a4        0     1                 
802009a8 802009a8        0     1                 .LBB15_6
802009a8 802009a8        0     1                 
802009ac 802009ac        0     1                 .LBB15_7
802009ac 802009ac        0     1                 
802009b0 802009b0        0     1                 
802009b2 802009b2        0     1                 
802009ba 802009ba        0     1                 
802009be 802009be        0     1                 
802009be 802009be        0     1                 
802009be 802009be        0     1                 
802009be 802009be        0     1                 
802009be 802009be        0     1                 
802009be 802009be       b4     1                 sbi_call
802009e6 802009e6        0     1                 
802009ea 802009ea        0     1                 
802009ee 802009ee        0     1                 
802009f2 802009f2        0     1                 
802009f6 802009f6        0     1                 
802009fa 802009fa        0     1                 
802009fe 802009fe        0     1                 
80200a02 80200a02        0     1                 
80200a06 80200a06        0     1                 
80200a0a 80200a0a        0     1                 
80200a0e 80200a0e        0     1                 
80200a12 80200a12        0     1                 
80200a16 80200a16        0     1                 
80200a1a 80200a1a        0     1                 
80200a1e 80200a1e        0     1                 
80200a22 80200a22        0     1                 
80200a26 80200a26        0     1                 
80200a2a 80200a2a        0     1                 
80200a2e 80200a2e        0     1                 
80200a32 80200a32        0     1                 
80200a36 80200a36        0     1                 
80200a3a 80200a3a        0     1                 
80200a3e 80200a3e        0     1                 
80200a42 80200a42        0     1                 
80200a46 80200a46        0     1                 
80200a52 80200a52        0     1                 
80200a56 80200a56        0     1                 
80200a5a 80200a5a        0     1                 
80200a5e 80200a5e        0     1                 
80200a62 80200a62        0     1                 
80200a6e 80200a6e        0     1                 
80200a72 80200a72        0     1                 
80200a74 80200a74      186     4 .rodata
80200a74 80200a74      186     1         <internal>:(.rodata.str1.1)
80200bfc 80200bfc        0     4 .bss
80200bfc 80200bfc        0     1         __bss = .
80200bfc 80200bfc        0     1         __bss_end = .
80200bfc 80200bfc        0     1 . = ALIGN ( 4 )
80200bfc 80200bfc    20000     1 . += 128 * 1024
80220bfc 80220bfc        0     1 __stack_top = .
       0        0      161     1 .debug_abbrev
       0        0      161     1         /tmp/kernel-96a63d.o:(.debug_abbrev)
       0        0        0     1                 $d.3
       0        0      756     1 .debug_info
       0        0      756     1         /tmp/kernel-96a63d.o:(.debug_info)
       0        0        0     1                 $d.4
       0        0       20     1 .debug_ranges
       0        0       20     1         /tmp/kernel-96a63d.o:(.debug_ranges)
       0        0        0     1                 
       0        0        0     1                 $d.5
       0        0      282     1 .debug_str
       0        0      282     1         <internal>:(.debug_str)
       0        0       42     1 .comment
       0        0       42     1         <internal>:(.comment)
       0        0       2b     1 .riscv.attributes
       0        0       2b     1         <internal>:(.riscv.attributes)
       0        0      1e8     4 .debug_frame
       0        0      1e8     4         /tmp/kernel-96a63d.o:(.debug_frame)
       0        0        0     1                 
       0        0        0     1                 $d.9
       0        0      d10     1 .debug_line
       0        0      d10     1         /tmp/kernel-96a63d.o:(.debug_line)
       0        0        0     1                 .Lline_table_start0
       0        0        0     1                 $d.10
       0        0     2310     4 .symtab
       0        0     2310     4         <internal>:(.symtab)
       0        0       95     1 .shstrtab
       0        0       95     1         <internal>:(.shstrtab)
       0        0      133     1 .strtab
       0        0      133     1         <internal>:(.strtab)
